// Jest Snapshot v1, https://goo.gl/fbAQLP

exports[`<ReviewsRating /> render 1`] = `
<div
  className="reviews__rating rating"
>
  <div
    className="reviews__stars rating__stars"
  >
    <span
      style={
        Object {
          "width": "50%",
        }
      }
    />
    <span
      className="visually-hidden"
    >
      Rating
    </span>
  </div>
</div>
`;
