// Jest Snapshot v1, https://goo.gl/fbAQLP

exports[`<Reviews /> render 1`] = `
<section
  className="property__reviews reviews"
>
  <h2
    className="reviews__title"
  >
    Reviews · 
    <span
      className="reviews__amount"
    >
      2
    </span>
  </h2>
  <ul
    className="reviews__list"
  >
    <li
      className="reviews__item"
    >
      <div
        className="reviews__user user"
      >
        <div
          className="reviews__avatar-wrapper user__avatar-wrapper"
        >
          <img
            alt="Reviews avatar"
            className="reviews__avatar user__avatar"
            height={54}
            src="link"
            width={54}
          />
        </div>
        <span
          className="reviews__user-name"
        >
          Vlad
        </span>
      </div>
      <div
        className="reviews__info"
      >
        <div
          className="reviews__rating rating"
        >
          <div
            className="reviews__stars rating__stars"
          >
            <span
              style={
                Object {
                  "width": "100%",
                }
              }
            />
            <span
              className="visually-hidden"
            >
              Rating
            </span>
          </div>
        </div>
        <p
          className="reviews__text"
        >
          Бла бла бла
        </p>
        <time
          className="reviews__time"
          dateTime={2020-08-04T10:53:33.549Z}
        >
          August 2020
        </time>
      </div>
    </li>
    <li
      className="reviews__item"
    >
      <div
        className="reviews__user user"
      >
        <div
          className="reviews__avatar-wrapper user__avatar-wrapper"
        >
          <img
            alt="Reviews avatar"
            className="reviews__avatar user__avatar"
            height={54}
            src="link"
            width={54}
          />
        </div>
        <span
          className="reviews__user-name"
        >
          Vlad
        </span>
      </div>
      <div
        className="reviews__info"
      >
        <div
          className="reviews__rating rating"
        >
          <div
            className="reviews__stars rating__stars"
          >
            <span
              style={
                Object {
                  "width": "100%",
                }
              }
            />
            <span
              className="visually-hidden"
            >
              Rating
            </span>
          </div>
        </div>
        <p
          className="reviews__text"
        >
          Бла бла бла
        </p>
        <time
          className="reviews__time"
          dateTime={2020-08-04T10:53:33.549Z}
        >
          August 2020
        </time>
      </div>
    </li>
  </ul>
  
</section>
`;
