// Jest Snapshot v1, https://goo.gl/fbAQLP

exports[`DetailedOffer first render 1`] = `
<main
  className="page__main page__main--property"
>
  <section
    className="property"
  >
    <div
      className="property__gallery-container container"
    >
      <div
        className="property__gallery"
      >
        <div
          className="property__image-wrapper"
        >
          <img
            alt="Photo studio"
            className="property__image"
            src="https://canadskaya-izba.ru/img/doma/karkas2.jpg"
          />
        </div>
        <div
          className="property__image-wrapper"
        >
          <img
            alt="Photo studio"
            className="property__image"
            src="https://www.krasdom.com/galfotobig/584.jpg"
          />
        </div>
        <div
          className="property__image-wrapper"
        >
          <img
            alt="Photo studio"
            className="property__image"
            src="https://www.krasdom.com/galfotobig/561.jpg"
          />
        </div>
        <div
          className="property__image-wrapper"
        >
          <img
            alt="Photo studio"
            className="property__image"
            src="https://www.artis21.ru/upload/iblock/f16/f164e862e34e212180e03f76c9226ee7.jpg"
          />
        </div>
      </div>
    </div>
    <div
      className="property__container container"
    >
      <div
        className="property__wrapper"
      >
        <div
          className="property__mark"
        >
          <span>
            Premium
          </span>
        </div>
        <div
          className="property__name-wrapper"
        >
          <h1
            className="property__name"
          >
            Очень красивый и уютный дом
          </h1>
          <button
            className="property__bookmark-button property__bookmark-button--active button"
            type="button"
          >
            <svg
              className="property__bookmark-icon"
              height={33}
              width={31}
            >
              <use
                xlinkHref="#icon-bookmark"
              />
            </svg>
            <span
              className="visually-hidden"
            >
              To bookmarks
            </span>
          </button>
        </div>
        <div
          className="property__rating rating"
        >
          <div
            className="property__stars rating__stars"
          >
            <span
              style={
                Object {
                  "width": "80%",
                }
              }
            />
            <span
              className="visually-hidden"
            >
              Rating
            </span>
          </div>
          <span
            className="property__rating-value rating__value"
          >
            5
          </span>
        </div>
        <ul
          className="property__features"
        >
          <li
            className="property__feature property__feature--entire"
          >
            Apartment
          </li>
          <li
            className="property__feature property__feature--bedrooms"
          >
            4
             Bedrooms
          </li>
          <li
            className="property__feature property__feature--adults"
          >
            Max 
            6
             adults
          </li>
        </ul>
        <div
          className="property__price"
        >
          <b
            className="property__price-value"
          >
            €
            250
          </b>
          <span
            className="property__price-text"
          >
             night
          </span>
        </div>
        <div
          className="property__inside"
        >
          <h2
            className="property__inside-title"
          >
            What s inside
          </h2>
          <ul
            className="property__inside-list"
          >
            <li
              className="property__inside-item"
            >
              Wifi
            </li>
            <li
              className="property__inside-item"
            >
              Heating
            </li>
            <li
              className="property__inside-item"
            >
              Kitchen
            </li>
            <li
              className="property__inside-item"
            >
              Cable TV
            </li>
            <li
              className="property__inside-item"
            >
              Washing machine
            </li>
          </ul>
        </div>
        <div
          className="property__host"
        >
          <h2
            className="property__host-title"
          >
            Meet the host
          </h2>
          <div
            className="property__host-user user"
          >
            <div
              className="roperty__avatar-wrapper property__avatar-wrapper--pro user__avatar-wrapper"
            >
              <img
                alt="Host avatar"
                className="property__avatar user__avatar"
                height={74}
                src="https://api.adorable.io/avatars/285/abott@adorable.png"
                width={74}
              />
            </div>
            <span
              className="property__user-name"
            >
              Vladimir
            </span>
          </div>
          <div
            className="property__description"
          >
            <p
              className="property__text"
            >
              Описание у всех одинаковое, потому что лень придумывать.
            </p>
          </div>
        </div>
        <section
          className="property__reviews reviews"
        >
          <h2
            className="reviews__title"
          >
            Reviews · 
            <span
              className="reviews__amount"
            >
              2
            </span>
          </h2>
          <ul
            className="reviews__list"
          >
            <li
              className="reviews__item"
            >
              <div
                className="reviews__user user"
              >
                <div
                  className="reviews__avatar-wrapper user__avatar-wrapper"
                >
                  <img
                    alt="Reviews avatar"
                    className="reviews__avatar user__avatar"
                    height={54}
                    src="https://api.adorable.io/avatars/285/abott@adorable.png"
                    width={54}
                  />
                </div>
                <span
                  className="reviews__user-name"
                >
                  Vlad
                </span>
              </div>
              <div
                className="reviews__info"
              >
                <div
                  className="reviews__rating rating"
                >
                  <div
                    className="reviews__stars rating__stars"
                  >
                    <span
                      style={
                        Object {
                          "width": "100%",
                        }
                      }
                    />
                    <span
                      className="visually-hidden"
                    >
                      Rating
                    </span>
                  </div>
                </div>
                <p
                  className="reviews__text"
                >
                  Всё очень круть!
                </p>
                <time
                  className="reviews__time"
                  dateTime="2019-04-24"
                >
                  April 2020
                </time>
              </div>
            </li>
            <li
              className="reviews__item"
            >
              <div
                className="reviews__user user"
              >
                <div
                  className="reviews__avatar-wrapper user__avatar-wrapper"
                >
                  <img
                    alt="Reviews avatar"
                    className="reviews__avatar user__avatar"
                    height={54}
                    src="https://api.adorable.io/avatars/285/abott@adorable.png"
                    width={54}
                  />
                </div>
                <span
                  className="reviews__user-name"
                >
                  Viktor
                </span>
              </div>
              <div
                className="reviews__info"
              >
                <div
                  className="reviews__rating rating"
                >
                  <div
                    className="reviews__stars rating__stars"
                  >
                    <span
                      style={
                        Object {
                          "width": "100%",
                        }
                      }
                    />
                    <span
                      className="visually-hidden"
                    >
                      Rating
                    </span>
                  </div>
                </div>
                <p
                  className="reviews__text"
                >
                  Всё очень круть!
                </p>
                <time
                  className="reviews__time"
                  dateTime="2019-04-24"
                >
                  April 2020
                </time>
              </div>
            </li>
          </ul>
          <form
            action="#"
            className="reviews__form form"
            method="post"
          >
            <label
              className="reviews__label form__label"
              htmlFor="review"
            >
              Your review
            </label>
            <div
              className="reviews__rating-form form__rating"
            >
              <input
                className="form__rating-input visually-hidden"
                defaultValue={5}
                id="5-stars"
                name="rating"
                type="radio"
              />
              <label
                className="reviews__rating-label form__rating-label"
                htmlFor="5-stars"
                title="perfect"
              >
                <svg
                  className="form__star-image"
                  height={33}
                  width={37}
                >
                  <use
                    xlinkHref="#icon-star"
                  />
                </svg>
              </label>
              <input
                className="form__rating-input visually-hidden"
                defaultValue={4}
                id="4-stars"
                name="rating"
                type="radio"
              />
              <label
                className="reviews__rating-label form__rating-label"
                htmlFor="4-stars"
                title="good"
              >
                <svg
                  className="form__star-image"
                  height={33}
                  width={37}
                >
                  <use
                    xlinkHref="#icon-star"
                  />
                </svg>
              </label>
              <input
                className="form__rating-input visually-hidden"
                defaultValue={3}
                id="3-stars"
                name="rating"
                type="radio"
              />
              <label
                className="reviews__rating-label form__rating-label"
                htmlFor="3-stars"
                title="not bad"
              >
                <svg
                  className="form__star-image"
                  height={33}
                  width={37}
                >
                  <use
                    xlinkHref="#icon-star"
                  />
                </svg>
              </label>
              <input
                className="form__rating-input visually-hidden"
                defaultValue={2}
                id="2-stars"
                name="rating"
                type="radio"
              />
              <label
                className="reviews__rating-label form__rating-label"
                htmlFor="2-stars"
                title="badly"
              >
                <svg
                  className="form__star-image"
                  height={33}
                  width={37}
                >
                  <use
                    xlinkHref="#icon-star"
                  />
                </svg>
              </label>
              <input
                className="form__rating-input visually-hidden"
                defaultValue={1}
                id="1-star"
                name="rating"
                type="radio"
              />
              <label
                className="reviews__rating-label form__rating-label"
                htmlFor="1-star"
                title="terribly"
              >
                <svg
                  className="form__star-image"
                  height={33}
                  width={37}
                >
                  <use
                    xlinkHref="#icon-star"
                  />
                </svg>
              </label>
            </div>
            <textarea
              className="reviews__textarea form__textarea"
              defaultValue=""
              id="review"
              name="review"
              placeholder="Tell how was your stay, what you like and what can be improved"
            />
            <div
              className="reviews__button-wrapper"
            >
              <p
                className="reviews__help"
              >
                To submit review please make sure to set
                <span
                  className="reviews__star"
                >
                  rating
                </span>
                 and describe your stay with at least
                <b
                  className="reviews__text-amount"
                >
                  50 characters
                </b>
                .
              </p>
              <button
                className="reviews__submit form__submit button"
                disabled={true}
                type="submit"
              >
                Submit
              </button>
            </div>
          </form>
        </section>
      </div>
    </div>
    <section
      className="property__map map"
    >
      <div
        id="map"
      />
    </section>
  </section>
  <div
    className="container"
  >
    <section
      className="near-places places"
    >
      <h2
        className="near-places__title"
      >
        Other places in the neighbourhood
      </h2>
      <div
        className="near-places__list places__list"
      >
        <article
          className="near-places__card place-card"
          data-id={0}
          onMouseOver={[Function]}
        >
          <div
            className="place-card__mark"
          >
            <span>
              Premium
            </span>
          </div>
          <div
            className="place-card__image-wrapper"
          >
            <a
              href="#"
            >
              <img
                alt="Place image"
                className="place-card__image"
                height={200}
                src="https://canadskaya-izba.ru/img/doma/karkas2.jpg"
                width={260}
              />
            </a>
          </div>
          <div
            className="place-card__info"
          >
            <div
              className="place-card__price-wrapper"
            >
              <div
                className="place-card__price"
              >
                <b
                  className="place-card__price-value"
                >
                  €
                  250
                </b>
                <span
                  className="place-card__price-text"
                >
                  / night
                </span>
              </div>
              <button
                className="place-card__bookmark-button place-card__bookmark-button--active button"
                type="button"
              >
                <svg
                  className="place-card__bookmark-icon"
                  height={19}
                  width={18}
                >
                  <use
                    xlinkHref="#icon-bookmark"
                  />
                </svg>
                <span
                  className="visually-hidden"
                >
                  To bookmarks
                </span>
              </button>
            </div>
            <div
              className="place-card__rating rating"
            >
              <div
                className="place-card__stars rating__stars"
              >
                <span
                  style={
                    Object {
                      "width": "100%",
                    }
                  }
                />
                <span
                  className="visually-hidden"
                >
                  Rating
                </span>
              </div>
            </div>
            <h2
              className="place-card__name"
            >
              <a
                href="/offer"
                target="_blank"
              >
                Очень красивый и уютный дом
              </a>
            </h2>
            <p
              className="place-card__type"
            >
              Apartment
            </p>
          </div>
        </article>
        <article
          className="near-places__card place-card"
          data-id={1}
          onMouseOver={[Function]}
        >
          <div
            className="place-card__mark"
          >
            <span>
              Premium
            </span>
          </div>
          <div
            className="place-card__image-wrapper"
          >
            <a
              href="#"
            >
              <img
                alt="Place image"
                className="place-card__image"
                height={200}
                src="https://canadskaya-izba.ru/img/doma/karkas2.jpg"
                width={260}
              />
            </a>
          </div>
          <div
            className="place-card__info"
          >
            <div
              className="place-card__price-wrapper"
            >
              <div
                className="place-card__price"
              >
                <b
                  className="place-card__price-value"
                >
                  €
                  250
                </b>
                <span
                  className="place-card__price-text"
                >
                  / night
                </span>
              </div>
              <button
                className="place-card__bookmark-button place-card__bookmark-button--active button"
                type="button"
              >
                <svg
                  className="place-card__bookmark-icon"
                  height={19}
                  width={18}
                >
                  <use
                    xlinkHref="#icon-bookmark"
                  />
                </svg>
                <span
                  className="visually-hidden"
                >
                  To bookmarks
                </span>
              </button>
            </div>
            <div
              className="place-card__rating rating"
            >
              <div
                className="place-card__stars rating__stars"
              >
                <span
                  style={
                    Object {
                      "width": "100%",
                    }
                  }
                />
                <span
                  className="visually-hidden"
                >
                  Rating
                </span>
              </div>
            </div>
            <h2
              className="place-card__name"
            >
              <a
                href="/offer"
                target="_blank"
              >
                Очень красивый и уютный дом
              </a>
            </h2>
            <p
              className="place-card__type"
            >
              Apartment
            </p>
          </div>
        </article>
        <article
          className="near-places__card place-card"
          data-id={2}
          onMouseOver={[Function]}
        >
          <div
            className="place-card__mark"
          >
            <span>
              Premium
            </span>
          </div>
          <div
            className="place-card__image-wrapper"
          >
            <a
              href="#"
            >
              <img
                alt="Place image"
                className="place-card__image"
                height={200}
                src="https://canadskaya-izba.ru/img/doma/karkas2.jpg"
                width={260}
              />
            </a>
          </div>
          <div
            className="place-card__info"
          >
            <div
              className="place-card__price-wrapper"
            >
              <div
                className="place-card__price"
              >
                <b
                  className="place-card__price-value"
                >
                  €
                  250
                </b>
                <span
                  className="place-card__price-text"
                >
                  / night
                </span>
              </div>
              <button
                className="place-card__bookmark-button place-card__bookmark-button--active button"
                type="button"
              >
                <svg
                  className="place-card__bookmark-icon"
                  height={19}
                  width={18}
                >
                  <use
                    xlinkHref="#icon-bookmark"
                  />
                </svg>
                <span
                  className="visually-hidden"
                >
                  To bookmarks
                </span>
              </button>
            </div>
            <div
              className="place-card__rating rating"
            >
              <div
                className="place-card__stars rating__stars"
              >
                <span
                  style={
                    Object {
                      "width": "100%",
                    }
                  }
                />
                <span
                  className="visually-hidden"
                >
                  Rating
                </span>
              </div>
            </div>
            <h2
              className="place-card__name"
            >
              <a
                href="/offer"
                target="_blank"
              >
                Очень красивый и уютный дом
              </a>
            </h2>
            <p
              className="place-card__type"
            >
              Apartment
            </p>
          </div>
        </article>
      </div>
    </section>
  </div>
</main>
`;
