// Jest Snapshot v1, https://goo.gl/fbAQLP

exports[`<Review /> render 1`] = `
<li
  className="reviews__item"
>
  <div
    className="reviews__user user"
  >
    <div
      className="reviews__avatar-wrapper user__avatar-wrapper"
    >
      <img
        alt="Reviews avatar"
        className="reviews__avatar user__avatar"
        height={54}
        src="https://api.adorable.io/avatars/285/abott@adorable.png"
        width={54}
      />
    </div>
    <span
      className="reviews__user-name"
    >
      Vlad
    </span>
  </div>
  <div
    className="reviews__info"
  >
    <div
      className="place-card__rating rating"
    >
      <div
        className="reviews__stars rating__stars"
      >
        <span
          style={
            Object {
              "width": "100%",
            }
          }
        />
        <span
          className="visually-hidden"
        >
          Rating
        </span>
      </div>
    </div>
    <p
      className="reviews__text"
    >
      Всё очень круть!
    </p>
    <time
      className="reviews__time"
      dateTime="2019-04-24"
    >
      April 2020
    </time>
  </div>
</li>
`;
